// Jest Snapshot v1, https://goo.gl/fbAQLP

exports[`QuizResultScreen test render QuizResultScreen 1`] = `
<RNCSafeAreaProvider
  onInsetsChange={[Function]}
  style={
    [
      {
        "flex": 1,
      },
      undefined,
    ]
  }
>
  <RNSScreenStack
    style={
      {
        "flex": 1,
      }
    }
  >
    <RNSScreen
      collapsable={false}
      gestureResponseDistance={
        {
          "bottom": -1,
          "end": -1,
          "start": -1,
          "top": -1,
        }
      }
      nativeBackButtonDismissalEnabled={false}
      onAppear={[Function]}
      onDisappear={[Function]}
      onDismissed={[Function]}
      onGestureCancel={[Function]}
      onHeaderBackButtonClicked={[Function]}
      onNativeDismissCancelled={[Function]}
      onTransitionProgress={[Function]}
      onWillDisappear={[Function]}
      replaceAnimation="push"
      sheetAllowedDetents="large"
      sheetCornerRadius={-1}
      sheetExpandsWhenScrolledToEdge={true}
      sheetGrabberVisible={false}
      sheetLargestUndimmedDetent="all"
      stackPresentation="push"
      style={
        {
          "bottom": 0,
          "left": 0,
          "position": "absolute",
          "right": 0,
          "top": 0,
        }
      }
      swipeDirection="horizontal"
    >
      <View
        accessibilityElementsHidden={false}
        importantForAccessibility="auto"
        style={
          {
            "flex": 1,
            "flexDirection": "column-reverse",
          }
        }
      >
        <View
          collapsable={false}
          style={
            [
              {
                "flex": 1,
              },
              {
                "backgroundColor": "rgb(242, 242, 242)",
              },
              undefined,
            ]
          }
        >
          <View
            style={
              {
                "alignItems": "center",
                "flex": 1,
                "justifyContent": "center",
              }
            }
          >
            <Text
              style={
                {
                  "fontSize": 40,
                  "fontWeight": "bold",
                  "textAlign": "center",
                }
              }
            >
              퀴즈가 끝났습니다. 
수고하셨습니다
            </Text>
            <View
              style={
                {
                  "marginLeft": 0,
                  "marginTop": 30,
                }
              }
            />
            <Text
              style={
                {
                  "fontSize": 20,
                  "margin": 5,
                  "textAlign": "center",
                }
              }
            >
              정답 수 : 1
               /
               
              총 문항수 : 10
            </Text>
            <Text
              style={
                {
                  "fontSize": 20,
                  "margin": 5,
                  "textAlign": "center",
                }
              }
            >
              소요 시간: 02:25
            </Text>
            <View
              style={
                {
                  "alignSelf": "center",
                  "bottom": 0,
                  "height": 70,
                  "position": "absolute",
                  "width": "100%",
                }
              }
            >
              <View
                accessibilityState={
                  {
                    "busy": undefined,
                    "checked": undefined,
                    "disabled": undefined,
                    "expanded": undefined,
                    "selected": undefined,
                  }
                }
                accessibilityValue={
                  {
                    "max": undefined,
                    "min": undefined,
                    "now": undefined,
                    "text": undefined,
                  }
                }
                accessible={true}
                collapsable={false}
                focusable={true}
                onBlur={[Function]}
                onClick={[Function]}
                onFocus={[Function]}
                onResponderGrant={[Function]}
                onResponderMove={[Function]}
                onResponderRelease={[Function]}
                onResponderTerminate={[Function]}
                onResponderTerminationRequest={[Function]}
                onStartShouldSetResponder={[Function]}
                style={
                  {
                    "alignItems": "center",
                    "backgroundColor": "#5F37FF",
                    "borderWidth": 0,
                    "bottom": 0,
                    "flexDirection": "row",
                    "height": 70,
                    "justifyContent": "center",
                    "position": "absolute",
                    "width": "100%",
                  }
                }
              >
                <Text
                  style={
                    {
                      "color": "#FFFFFF",
                    }
                  }
                >
                  홈 으로 이동
                </Text>
              </View>
            </View>
          </View>
        </View>
      </View>
      <RNSScreenStackHeaderConfig
        backButtonInCustomView={false}
        backTitleVisible={true}
        backgroundColor="rgb(255, 255, 255)"
        color="rgb(0, 122, 255)"
        direction="ltr"
        disableBackButtonMenu={false}
        hidden={true}
        hideBackButton={false}
        largeTitleHideShadow={false}
        title="quizResultScreen"
        titleColor="rgb(28, 28, 30)"
        topInsetEnabled={false}
        translucent={false}
      />
    </RNSScreen>
  </RNSScreenStack>
</RNCSafeAreaProvider>
`;
